../Core/Src/TT.c:46:6:WaitForStart	16	static
../Core/Src/TT.c:81:6:GeneratePattern	160	static
../Core/Src/TT.c:101:6:LED_Status	24	static
../Core/Src/TT.c:121:6:TurnOffAllLEDs	16	static
../Core/Src/TT.c:136:6:ProcessPattern	16	static
../Core/Src/TT.c:188:9:ReadButton	24	static
../Core/Src/TT.c:209:6:MCP23S17_Write	16	static
../Core/Src/TT.c:226:6:MCP23S17_Init	8	static
../Core/Src/TT.c:238:6:Send_data	8	static
../Core/Src/TT.c:255:6:Send_dataA	8	static
../Core/Src/TT.c:267:6:Send_dataB	8	static
