../Core/Src/TT.c:47:6:WaitForStart	16	static
../Core/Src/TT.c:79:6:GeneratePattern	160	static
../Core/Src/TT.c:99:6:LED_Status	24	static
../Core/Src/TT.c:119:6:TurnOffAllLEDs	16	static
../Core/Src/TT.c:134:6:ProcessPattern	32	static
../Core/Src/TT.c:205:9:ReadButton	24	static
../Core/Src/TT.c:226:6:MCP23S17_Write	16	static
../Core/Src/TT.c:243:6:MCP23S17_Init	8	static
../Core/Src/TT.c:255:6:Send_data	8	static
../Core/Src/TT.c:272:6:Send_dataA	8	static
../Core/Src/TT.c:284:6:Send_dataB	8	static
../Core/Src/TT.c:291:6:On_led_status	8	static
../Core/Src/TT.c:298:6:Off_led_status	8	static
